// Vitest Snapshot v1, https://vitest.dev/guide/snapshot.html

exports[`JoinTablePage > renders 1`] = `
<div
  class="v-application v-theme--light v-layout v-layout--full-height v-locale--is-ltr"
>
  <div
    class="v-application__wrap"
  >
    
    <div
      class="d-flex bg-white text-center pa-6 v-container"
    >
      <div
        class="v-row section-header newsletter-section"
      >
        <div
          class="v-col"
        >
          <h2
            class="section-headline"
          >
            $t('joinTablePage.header')
          </h2>
          <div
            class="mt-8 d-flex justify-center"
          >
            <form
              class="v-form w-25"
              novalidate=""
            >
              
              <div
                class="v-input v-input--horizontal v-input--center-affix v-input--density-default v-theme--light v-locale--is-ltr v-text-field pb-3"
              >
                <!---->
                <div
                  class="v-input__control"
                >
                  
                  <div
                    class="v-field v-field--center-affix v-field--variant-filled v-theme--light v-locale--is-ltr"
                  >
                    <div
                      class="v-field__overlay"
                    />
                    <div
                      class="v-field__loader"
                    >
                      <div
                        aria-hidden="true"
                        aria-valuemax="100"
                        aria-valuemin="0"
                        class="v-progress-linear v-theme--light v-locale--is-ltr"
                        role="progressbar"
                        style="top: 0px; height: 0px; --v-progress-linear-height: 2px;"
                      >
                        <!---->
                        <div
                          class="v-progress-linear__background"
                          style="width: 100%;"
                        />
                        <transition-stub
                          appear="false"
                          css="true"
                          name="fade-transition"
                          persisted="false"
                        >
                          <div
                            class="v-progress-linear__indeterminate"
                          >
                            
                            <div
                              class="v-progress-linear__indeterminate long"
                            />
                            <div
                              class="v-progress-linear__indeterminate short"
                            />
                            
                          </div>
                        </transition-stub>
                        <!---->
                      </div>
                    </div>
                    <!---->
                    <div
                      class="v-field__field"
                      data-no-activator=""
                    >
                      <label
                        aria-hidden="true"
                        class="v-label v-field-label v-field-label--floating"
                        for="userName"
                      >
                        <!---->
                        
                        Name
                        
                      </label>
                      <label
                        class="v-label v-field-label"
                        for="userName"
                      >
                        <!---->
                        
                        Name
                        
                      </label>
                      
                      
                      <!---->
                      <input
                        aria-describedby="userName-messages"
                        class="v-field__input"
                        id="userName"
                        required=""
                        size="1"
                        type="text"
                      />
                      <!---->
                      
                      
                    </div>
                    <!---->
                    <!---->
                    <div
                      class="v-field__outline"
                    >
                      <!---->
                      <!---->
                    </div>
                  </div>
                  
                </div>
                <!---->
                <!---->
              </div>
              <button
                class="v-btn v-btn--disabled v-theme--light v-btn--density-default v-btn--variant-elevated main-button main-button--form-submit main-button-auto"
                data-v-2b63c1fe=""
                disabled=""
                style="background-color: #23ad5b; color: #fff; caret-color: #fff; height: auto; width: auto;"
                type="submit"
              >
                
                <span
                  class="v-btn__overlay"
                />
                <span
                  class="v-btn__underlay"
                />
                
                <!---->
                <span
                  class="v-btn__content"
                  data-no-activator=""
                >
                  
                  
                  <!--v-if-->
                  <!--v-if-->
                  <span
                    class="main-button-content"
                    data-v-2b63c1fe=""
                  >
                    BestÃ¤tigen 
                    <div
                      aria-valuemax="100"
                      aria-valuemin="0"
                      class="v-progress-circular v-progress-circular--indeterminate v-progress-circular--disable-shrink v-theme--light btn-loading"
                      data-v-2b63c1fe=""
                      role="progressbar"
                      style="width: 15px; height: 15px;"
                    >
                      <svg
                        style="transform: rotate(calc(-90deg + 0deg));"
                        viewBox="0 0 42.857142857142854 42.857142857142854"
                        xmlns="http://www.w3.org/2000/svg"
                      >
                        <circle
                          class="v-progress-circular__underlay"
                          cx="50%"
                          cy="50%"
                          fill="transparent"
                          r="20"
                          stroke-dasharray="125.66370614359172"
                          stroke-dashoffset="0"
                          stroke-width="2.8571428571428568"
                        />
                        <circle
                          class="v-progress-circular__overlay"
                          cx="50%"
                          cy="50%"
                          fill="transparent"
                          r="20"
                          stroke-dasharray="125.66370614359172"
                          stroke-dashoffset="125.66370614359172px"
                          stroke-width="2.8571428571428568"
                        />
                      </svg>
                      <!---->
                    </div>
                  </span>
                  
                  
                </span>
                <!---->
                <!---->
              </button>
              
            </form>
          </div>
        </div>
      </div>
    </div>
    
  </div>
</div>
`;
