// Vitest Snapshot v1, https://vitest.dev/guide/snapshot.html

exports[`EmbeddedTable > renders 1`] = `
<iframe
  allow="camera;microphone;fullscreen;display-capture;screen-wake-lock *;"
  class="table-iframe"
  data-v-05b8a7f5=""
  height="100%"
  src="https://dreammall.earth"
  width="100%"
/>
`;
