// Vitest Snapshot v1, https://vitest.dev/guide/snapshot.html

exports[`NavigationDrawer > renders correctly 1`] = `
<div
  class="v-application v-theme--light v-layout v-layout--full-height v-locale--is-ltr"
>
  <div
    class="v-application__wrap"
  >
    
    
    <nav
      class="v-navigation-drawer v-navigation-drawer--bottom v-navigation-drawer--temporary v-navigation-drawer--active v-theme--light bg-grey-lighten-4 custom-drawer"
      data-v-1af10226=""
      mobile=""
      style="bottom: 0px; z-index: 1004; transform: translateY(0%); position: fixed; transition: none !important; height: 400px; left: 0px; width: calc(100% - 0px - 0px);"
    >
      <!---->
      <!---->
      <div
        class="v-navigation-drawer__content"
      >
        
        
        
        
      </div>
      <!---->
    </nav>
    <transition-stub
      appear="false"
      css="true"
      name="fade-transition"
      persisted="false"
    >
      <div
        class="v-navigation-drawer__scrim"
        data-v-1af10226=""
        style="z-index: 1003;"
      />
    </transition-stub>
    
    
  </div>
</div>
`;
