// Vitest Snapshot v1, https://vitest.dev/guide/snapshot.html

exports[`LightDarkSwitch > renders 1`] = `
<div
  class="v-application v-theme--light v-layout v-layout--full-height v-locale--is-ltr"
>
  <div
    class="v-application__wrap"
  >
    
    
    <button
      class="d-flex align-center justify-center light-dark-switch"
    >
      <svg
        fill="none"
        height="15"
        viewBox="0 0 28 15"
        width="28"
        xmlns="http://www.w3.org/2000/svg"
      >
        <path
          d="M7.63636 15C5.51515 15 3.71212 14.2708 2.22727 12.8125C0.742424 11.3542 0 9.58333 0 7.5C0 5.41667 0.742424 3.64583 2.22727 2.1875C3.71212 0.729167 5.51515 0 7.63636 0H20.3636C22.4848 0 24.2879 0.729167 25.7727 2.1875C27.2576 3.64583 28 5.41667 28 7.5C28 9.58333 27.2576 11.3542 25.7727 12.8125C24.2879 14.2708 22.4848 15 20.3636 15H7.63636ZM7.63636 12.5H20.3636C21.7636 12.5 22.9621 12.0104 23.9591 11.0312C24.9561 10.0521 25.4545 8.875 25.4545 7.5C25.4545 6.125 24.9561 4.94792 23.9591 3.96875C22.9621 2.98958 21.7636 2.5 20.3636 2.5H7.63636C6.23636 2.5 5.03788 2.98958 4.04091 3.96875C3.04394 4.94792 2.54545 6.125 2.54545 7.5C2.54545 8.875 3.04394 10.0521 4.04091 11.0312C5.03788 12.0104 6.23636 12.5 7.63636 12.5ZM7.63636 11.25C8.69697 11.25 9.59848 10.8854 10.3409 10.1562C11.0833 9.42708 11.4545 8.54167 11.4545 7.5C11.4545 6.45833 11.0833 5.57292 10.3409 4.84375C9.59848 4.11458 8.69697 3.75 7.63636 3.75C6.57576 3.75 5.67424 4.11458 4.93182 4.84375C4.18939 5.57292 3.81818 6.45833 3.81818 7.5C3.81818 8.54167 4.18939 9.42708 4.93182 10.1562C5.67424 10.8854 6.57576 11.25 7.63636 11.25Z"
          fill="currentColor"
        />
      </svg>
      <svg
        fill="none"
        height="15"
        style="display: none;"
        viewBox="0 0 28 15"
        width="28"
        xmlns="http://www.w3.org/2000/svg"
      >
        <path
          d="M7.63636 15C5.51515 15 3.71212 14.2708 2.22727 12.8125C0.742424 11.3542 0 9.58333 0 7.5C0 5.41667 0.742424 3.64583 2.22727 2.1875C3.71212 0.729167 5.51515 0 7.63636 0H20.3636C22.4848 0 24.2879 0.729167 25.7727 2.1875C27.2576 3.64583 28 5.41667 28 7.5C28 9.58333 27.2576 11.3542 25.7727 12.8125C24.2879 14.2708 22.4848 15 20.3636 15H7.63636ZM7.63636 12.5H20.3636C21.7636 12.5 22.9621 12.0104 23.9591 11.0312C24.9561 10.0521 25.4545 8.875 25.4545 7.5C25.4545 6.125 24.9561 4.94792 23.9591 3.96875C22.9621 2.98958 21.7636 2.5 20.3636 2.5H7.63636C6.23636 2.5 5.03788 2.98958 4.04091 3.96875C3.04394 4.94792 2.54545 6.125 2.54545 7.5C2.54545 8.875 3.04394 10.0521 4.04091 11.0312C5.03788 12.0104 6.23636 12.5 7.63636 12.5ZM20.3636 11.25C21.4242 11.25 22.3258 10.8854 23.0682 10.1562C23.8106 9.42708 24.1818 8.54167 24.1818 7.5C24.1818 6.45833 23.8106 5.57292 23.0682 4.84375C22.3258 4.11458 21.4242 3.75 20.3636 3.75C19.303 3.75 18.4015 4.11458 17.6591 4.84375C16.9167 5.57292 16.5455 6.45833 16.5455 7.5C16.5455 8.54167 16.9167 9.42708 17.6591 10.1562C18.4015 10.8854 19.303 11.25 20.3636 11.25Z"
          fill="currentColor"
        />
      </svg>
      <span
        class="ml-2"
      >
        $t('menu.theme.light') / $t('menu.theme.dark')
      </span>
    </button>
    
    
  </div>
</div>
`;
