// Vitest Snapshot v1, https://vitest.dev/guide/snapshot.html

exports[`ListWithNavigationDrawer > renders correctly 1`] = `
<navigation-drawer-stub
  data-v-74568a56=""
  location="right"
  modelvalue="true"
/>
`;
