// Vitest Snapshot v1, https://vitest.dev/guide/snapshot.html

exports[`PageShell > renders 1`] = `
<div
  class="v-application v-theme--light v-layout v-layout--full-height v-locale--is-ltr"
>
  <div
    class="v-application__wrap"
  >
    
    <header
      class="v-toolbar v-toolbar--flat v-toolbar--density-default v-theme--light v-locale--is-ltr v-app-bar"
      style="top: 0px; z-index: 1004; transform: translateY(0%); position: fixed; left: 0px; width: calc(100% - 0px - 0px);"
    >
      <!---->
      
      <div
        class="v-toolbar__content"
        style="height: 64px;"
      >
        <!---->
        <!---->
        
        <div
          class="v-row"
        >
          <div
            class="v-col"
          >
            <button
              class="v-btn v-theme--light v-btn--density-default v-btn--variant-text sign-out"
              label="Sign Out"
              style="height: auto; width: auto;"
              type="button"
              variants="outlined"
            >
              
              <span
                class="v-btn__overlay"
              />
              <span
                class="v-btn__underlay"
              />
              
              <!---->
              <span
                class="v-btn__content"
                data-no-activator=""
              >
                
                
                $t('buttons.signout')
                
                
              </span>
              <!---->
              <!---->
            </button>
          </div>
        </div>
        
        <!---->
      </div>
      
      
      <transition-stub
        appear="false"
        css="true"
        name="expand-transition"
        persisted="false"
      >
        <!---->
      </transition-stub>
      
    </header>
    
    Page Content
    
    
  </div>
</div>
`;
