// Vitest Snapshot v1, https://vitest.dev/guide/snapshot.html

exports[`AboutMe > renders 1`] = `
<div
  data-v-app=""
>
  
  
</div>
`;
