// Vitest Snapshot v1, https://vitest.dev/guide/snapshot.html

exports[`ProductsSection > renders ProductsSection 1`] = `
<div
  class="products-section v-container"
  data-v-bd67e3e5=""
>
  <div
    class="v-row section-header"
    data-v-bd67e3e5=""
  >
    <div
      class="v-col"
      data-v-bd67e3e5=""
    >
      <h2
        class="section-headline"
        data-v-bd67e3e5=""
      >
        <span
          class="prepend"
          data-v-bd67e3e5=""
        >
          $t('home.productsSection.headline')
        </span>
        <span
          class="append"
          data-v-bd67e3e5=""
        >
          $t('home.productsSection.headlineAppend')
        </span>
      </h2>
    </div>
  </div>
  <div
    class="v-row mt-12 card-row justify-space-around"
    data-v-bd67e3e5=""
  >
    <div
      class="v-col-md-3 v-col-12 d-flex justify-center pa-0"
      data-v-bd67e3e5=""
    >
      <div
        class="v-card v-card--flat v-theme--light bg-transparent v-card--density-default v-card--variant-elevated mb-12 mb-md-2 w-100"
        data-v-bd67e3e5=""
        data-v-e62ef3ea=""
        style="width: 375px;"
      >
        <!---->
        <div
          class="v-card__loader"
        >
          <div
            aria-hidden="true"
            aria-valuemax="100"
            aria-valuemin="0"
            class="v-progress-linear v-theme--light v-locale--is-ltr"
            role="progressbar"
            style="top: 0px; height: 0px; --v-progress-linear-height: 2px; left: 50%; transform: translateX(-50%);"
          >
            <!---->
            <div
              class="v-progress-linear__background"
              style="width: 100%;"
            />
            <transition-stub
              appear="false"
              css="true"
              name="fade-transition"
              persisted="false"
            >
              <div
                class="v-progress-linear__indeterminate"
              >
                
                <div
                  class="v-progress-linear__indeterminate long"
                />
                <div
                  class="v-progress-linear__indeterminate short"
                />
                
              </div>
            </transition-stub>
            <!---->
          </div>
        </div>
        <!---->
        <!---->
        
        <div
          class="v-responsive v-img v-img--booting text-white"
          data-v-e62ef3ea=""
          style="height: 100px;"
        >
          <div
            class="v-responsive__sizer"
          />
          
          
          <transition-stub
            appear="true"
            css="true"
            name="fade-transition"
            persisted="false"
          >
            <img
              class="v-img__img v-img__img--contain"
              src="/src/assets/img/logo_mall.svg"
              style="display: none;"
            />
          </transition-stub>
          <transition-stub
            appear="false"
            css="true"
            name="fade-transition"
            persisted="false"
          >
            <!---->
          </transition-stub>
          <!---->
          <!---->
          <!---->
          
          
          <!---->
        </div>
        <div
          class="v-card-title card-title mt-0 mt-md-8"
          data-v-e62ef3ea=""
        >
          $t('home.productsSection.firstColumn.headline')
        </div>
        <div
          class="v-card-text card-text mt-0 mt-md-8"
          data-v-e62ef3ea=""
        >
          $t('home.productsSection.firstColumn.text')
        </div>
        
        <!---->
        
        <!---->
        <span
          class="v-card__underlay"
        />
        
      </div>
    </div>
    <div
      class="v-col-md-3 v-col-12 d-flex justify-center pa-0"
      data-v-bd67e3e5=""
    >
      <div
        class="v-card v-card--flat v-theme--light bg-transparent v-card--density-default v-card--variant-elevated mb-12 mb-md-2 w-100"
        data-v-bd67e3e5=""
        data-v-e62ef3ea=""
        style="width: 375px;"
      >
        <!---->
        <div
          class="v-card__loader"
        >
          <div
            aria-hidden="true"
            aria-valuemax="100"
            aria-valuemin="0"
            class="v-progress-linear v-theme--light v-locale--is-ltr"
            role="progressbar"
            style="top: 0px; height: 0px; --v-progress-linear-height: 2px; left: 50%; transform: translateX(-50%);"
          >
            <!---->
            <div
              class="v-progress-linear__background"
              style="width: 100%;"
            />
            <transition-stub
              appear="false"
              css="true"
              name="fade-transition"
              persisted="false"
            >
              <div
                class="v-progress-linear__indeterminate"
              >
                
                <div
                  class="v-progress-linear__indeterminate long"
                />
                <div
                  class="v-progress-linear__indeterminate short"
                />
                
              </div>
            </transition-stub>
            <!---->
          </div>
        </div>
        <!---->
        <!---->
        
        <div
          class="v-responsive v-img v-img--booting text-white"
          data-v-e62ef3ea=""
          style="height: 100px;"
        >
          <div
            class="v-responsive__sizer"
          />
          
          
          <transition-stub
            appear="true"
            css="true"
            name="fade-transition"
            persisted="false"
          >
            <img
              class="v-img__img v-img__img--contain"
              src="/src/assets/img/coffee_icon.svg"
              style="display: none;"
            />
          </transition-stub>
          <transition-stub
            appear="false"
            css="true"
            name="fade-transition"
            persisted="false"
          >
            <!---->
          </transition-stub>
          <!---->
          <!---->
          <!---->
          
          
          <!---->
        </div>
        <div
          class="v-card-title card-title mt-0 mt-md-8"
          data-v-e62ef3ea=""
        >
          $t('home.productsSection.secondColumn.headline')
        </div>
        <div
          class="v-card-text card-text mt-0 mt-md-8"
          data-v-e62ef3ea=""
        >
          $t('home.productsSection.secondColumn.text')
        </div>
        
        <!---->
        
        <!---->
        <span
          class="v-card__underlay"
        />
        
      </div>
    </div>
    <div
      class="v-col-md-3 v-col-12 d-flex justify-center pa-0"
      data-v-bd67e3e5=""
    >
      <div
        class="v-card v-card--flat v-theme--light bg-transparent v-card--density-default v-card--variant-elevated mb-12 mb-md-2 w-100"
        data-v-bd67e3e5=""
        data-v-e62ef3ea=""
        style="width: 375px;"
      >
        <!---->
        <div
          class="v-card__loader"
        >
          <div
            aria-hidden="true"
            aria-valuemax="100"
            aria-valuemin="0"
            class="v-progress-linear v-theme--light v-locale--is-ltr"
            role="progressbar"
            style="top: 0px; height: 0px; --v-progress-linear-height: 2px; left: 50%; transform: translateX(-50%);"
          >
            <!---->
            <div
              class="v-progress-linear__background"
              style="width: 100%;"
            />
            <transition-stub
              appear="false"
              css="true"
              name="fade-transition"
              persisted="false"
            >
              <div
                class="v-progress-linear__indeterminate"
              >
                
                <div
                  class="v-progress-linear__indeterminate long"
                />
                <div
                  class="v-progress-linear__indeterminate short"
                />
                
              </div>
            </transition-stub>
            <!---->
          </div>
        </div>
        <!---->
        <!---->
        
        <div
          class="v-responsive v-img v-img--booting text-white"
          data-v-e62ef3ea=""
          style="height: 100px;"
        >
          <div
            class="v-responsive__sizer"
          />
          
          
          <transition-stub
            appear="true"
            css="true"
            name="fade-transition"
            persisted="false"
          >
            <img
              class="v-img__img v-img__img--contain"
              src="/src/assets/img/menschen_projekte.svg"
              style="display: none;"
            />
          </transition-stub>
          <transition-stub
            appear="false"
            css="true"
            name="fade-transition"
            persisted="false"
          >
            <!---->
          </transition-stub>
          <!---->
          <!---->
          <!---->
          
          
          <!---->
        </div>
        <div
          class="v-card-title card-title mt-0 mt-md-8"
          data-v-e62ef3ea=""
        >
          $t('home.productsSection.thirdColumn.headline')
        </div>
        <div
          class="v-card-text card-text mt-0 mt-md-8"
          data-v-e62ef3ea=""
        >
          $t('home.productsSection.thirdColumn.text')
        </div>
        
        <!---->
        
        <!---->
        <span
          class="v-card__underlay"
        />
        
      </div>
    </div>
  </div>
</div>
`;
