// Vitest Snapshot v1, https://vitest.dev/guide/snapshot.html

exports[`EditUserDetails > renders 1`] = `
<div
  class="v-application v-theme--light v-layout v-layout--full-height v-locale--is-ltr"
>
  <div
    class="v-application__wrap"
  >
    
    <section
      class="cockpit-card"
      data-v-7779afd2=""
      data-v-eb62fc14=""
    >
      <div
        class="header"
        data-v-7779afd2=""
      >
        
        <div
          class="header"
          data-v-eb62fc14=""
        >
          <button
            class="back"
            data-v-eb62fc14=""
          >
            <i
              aria-hidden="true"
              class="mdi mdi-chevron-left mdi v-icon notranslate v-theme--light v-icon--size-default text-icon"
              data-v-eb62fc14=""
            />
          </button>
          <h2
            data-v-eb62fc14=""
          >
            $t('cockpit.about-me.edit.title')
          </h2>
        </div>
        
      </div>
      <hr
        class="hr"
        data-v-7779afd2=""
      />
      
      <form
        class="v-form add-detail mb-2"
        data-v-eb62fc14=""
        novalidate=""
      >
        
        <div
          class="v-input v-input--horizontal v-input--center-affix v-input--density-compact v-theme--light v-locale--is-ltr v-input--dirty v-text-field v-select v-select--single v-select--selected v-select--selection-slot select-category"
          data-v-eb62fc14=""
        >
          <!---->
          <div
            class="v-input__control"
          >
            
            <div
              class="v-field v-field--active v-field--appended v-field--center-affix v-field--dirty v-field--flat v-field--no-label v-field--variant-filled v-theme--light v-field--rounded v-locale--is-ltr"
              role="combobox"
            >
              <div
                class="v-field__overlay"
              />
              <div
                class="v-field__loader"
              >
                <div
                  aria-hidden="true"
                  aria-valuemax="100"
                  aria-valuemin="0"
                  class="v-progress-linear v-theme--light v-locale--is-ltr"
                  role="progressbar"
                  style="top: 0px; height: 0px; --v-progress-linear-height: 2px;"
                >
                  <!---->
                  <div
                    class="v-progress-linear__background"
                    style="opacity: NaN;"
                  />
                  <div
                    class="v-progress-linear__buffer"
                    style="opacity: NaN; width: 0%;"
                  />
                  <transition-stub
                    appear="false"
                    css="true"
                    name="fade-transition"
                    persisted="false"
                  >
                    <div
                      class="v-progress-linear__indeterminate"
                    >
                      
                      <div
                        class="v-progress-linear__indeterminate long"
                      />
                      <div
                        class="v-progress-linear__indeterminate short"
                      />
                      
                    </div>
                  </transition-stub>
                  <!---->
                </div>
              </div>
              <!---->
              <div
                class="v-field__field"
                data-no-activator=""
              >
                <!---->
                <label
                  class="v-label v-field-label"
                  for="input-0"
                >
                  <!---->
                  
                  <!---->
                  
                </label>
                
                
                <!---->
                <div
                  class="v-field__input"
                  data-no-activator=""
                >
                  
                  
                  
                  <!---->
                  <!---->
                  
                  
                  <div
                    class="v-select__selection"
                  >
                    
                    <i
                      aria-hidden="true"
                      class="mdi mdi-briefcase-outline mdi v-icon notranslate v-theme--light v-icon--size-default"
                      data-v-eb62fc14=""
                    />
                    
                  </div>
                  
                  
                  
                  <input
                    aria-describedby="input-0-messages"
                    aria-label="Öffnen"
                    id="input-0"
                    inputmode="none"
                    size="1"
                    title="Öffnen"
                    type="text"
                    value="work"
                  />
                </div>
                <!---->
                
                
              </div>
              <!---->
              <div
                class="v-field__append-inner"
              >
                
                
                <!---->
                <i
                  aria-hidden="true"
                  class="mdi-menu-down mdi v-icon notranslate v-theme--light v-icon--size-default v-select__menu-icon"
                />
                
                
                <!---->
              </div>
              <div
                class="v-field__outline"
              >
                <!---->
                <!---->
              </div>
            </div>
            
          </div>
          <!---->
          <div
            class="v-input__details"
          >
            <transition-group-stub
              appear="false"
              aria-live="polite"
              class="v-messages"
              css="true"
              id="input-0-messages"
              name="slide-y-transition"
              persisted="false"
              role="alert"
              tag="div"
            >
              <!---->
            </transition-group-stub>
            <!---->
          </div>
        </div>
        <div
          class="v-input v-input--horizontal v-input--center-affix v-input--density-compact v-theme--light v-locale--is-ltr v-text-field add-detail-text"
          data-v-eb62fc14=""
        >
          <!---->
          <div
            class="v-input__control"
          >
            
            <div
              class="v-field v-field--appended v-field--center-affix v-field--flat v-field--no-label v-field--variant-solo v-theme--light v-field--rounded v-locale--is-ltr"
            >
              <div
                class="v-field__overlay"
              />
              <div
                class="v-field__loader"
              >
                <div
                  aria-hidden="true"
                  aria-valuemax="100"
                  aria-valuemin="0"
                  class="v-progress-linear v-theme--light v-locale--is-ltr"
                  role="progressbar"
                  style="top: 0px; height: 0px; --v-progress-linear-height: 2px;"
                >
                  <!---->
                  <div
                    class="v-progress-linear__background"
                    style="opacity: NaN;"
                  />
                  <div
                    class="v-progress-linear__buffer"
                    style="opacity: NaN; width: 0%;"
                  />
                  <transition-stub
                    appear="false"
                    css="true"
                    name="fade-transition"
                    persisted="false"
                  >
                    <div
                      class="v-progress-linear__indeterminate"
                    >
                      
                      <div
                        class="v-progress-linear__indeterminate long"
                      />
                      <div
                        class="v-progress-linear__indeterminate short"
                      />
                      
                    </div>
                  </transition-stub>
                  <!---->
                </div>
              </div>
              <!---->
              <div
                class="v-field__field"
                data-no-activator=""
              >
                <!---->
                <label
                  class="v-label v-field-label"
                  for="input-3"
                >
                  <!---->
                  
                  <!---->
                  
                </label>
                
                
                <!---->
                <input
                  aria-describedby="input-3-messages"
                  class="v-field__input"
                  id="input-3"
                  maxlength="60"
                  name="text"
                  size="1"
                  type="text"
                  value=""
                />
                <!---->
                
                
              </div>
              <transition-stub
                appear="false"
                css="true"
                name="expand-x-transition"
                persisted="false"
              >
                <div
                  class="v-field__clearable"
                  style="display: none;"
                >
                  
                  <i
                    aria-hidden="false"
                    aria-label=" leeren"
                    class="mdi-close-circle mdi v-icon notranslate v-theme--light v-icon--size-default v-icon--clickable"
                    role="button"
                    tabindex="0"
                  />
                  
                </div>
              </transition-stub>
              <div
                class="v-field__append-inner"
              >
                <!---->
                <!---->
              </div>
              <div
                class="v-field__outline"
              >
                <!---->
                <!---->
              </div>
            </div>
            
          </div>
          <!---->
          <div
            class="v-input__details"
          >
            <transition-group-stub
              appear="false"
              aria-live="polite"
              class="v-messages"
              css="true"
              id="input-3-messages"
              name="slide-y-transition"
              persisted="false"
              role="alert"
              tag="div"
            >
              <!---->
            </transition-group-stub>
            <!---->
          </div>
        </div>
        <button
          class="submit rounded-circle"
          data-v-eb62fc14=""
          disabled=""
          type="submit"
        >
          <i
            aria-hidden="true"
            class="mdi mdi-plus mdi v-icon notranslate v-theme--light v-icon--size-default"
            data-v-eb62fc14=""
          />
        </button>
        
      </form>
      <!-- &lt;/div&gt; -->
      <ul
        class="details editable"
        data-v-eb62fc14=""
        data-v-f9dbb6f1=""
      >
        
        <li
          data-v-f9dbb6f1=""
        >
          <span
            class="v-chip v-theme--light v-chip--density-default v-chip--size-default v-chip--variant-tonal detail"
            data-v-f9dbb6f1=""
            draggable="false"
          >
            
            <!---->
            <span
              class="v-chip__underlay"
            />
            
            <!---->
            <!---->
            <div
              class="v-chip__content"
              data-no-activator=""
            >
              
              <i
                aria-hidden="true"
                class="mdi mdi-school-outline mdi v-icon notranslate v-theme--light v-icon--size-default text-cockpit-highlight mr-2"
                data-v-f9dbb6f1=""
              />
               I am a student 
              <button
                data-v-f9dbb6f1=""
              >
                <i
                  aria-hidden="true"
                  class="mdi-close mdi v-icon notranslate v-theme--light v-icon--size-default"
                  data-v-f9dbb6f1=""
                />
              </button>
              
            </div>
            <!---->
            <!---->
          </span>
        </li>
        <li
          data-v-f9dbb6f1=""
        >
          <span
            class="v-chip v-theme--light v-chip--density-default v-chip--size-default v-chip--variant-tonal detail"
            data-v-f9dbb6f1=""
            draggable="false"
          >
            
            <!---->
            <span
              class="v-chip__underlay"
            />
            
            <!---->
            <!---->
            <div
              class="v-chip__content"
              data-no-activator=""
            >
              
              <i
                aria-hidden="true"
                class="mdi mdi-briefcase-outline mdi v-icon notranslate v-theme--light v-icon--size-default text-cockpit-highlight mr-2"
                data-v-f9dbb6f1=""
              />
               I am a worker 
              <button
                data-v-f9dbb6f1=""
              >
                <i
                  aria-hidden="true"
                  class="mdi-close mdi v-icon notranslate v-theme--light v-icon--size-default"
                  data-v-f9dbb6f1=""
                />
              </button>
              
            </div>
            <!---->
            <!---->
          </span>
        </li>
        <li
          data-v-f9dbb6f1=""
        >
          <span
            class="v-chip v-theme--light v-chip--density-default v-chip--size-default v-chip--variant-tonal detail"
            data-v-f9dbb6f1=""
            draggable="false"
          >
            
            <!---->
            <span
              class="v-chip__underlay"
            />
            
            <!---->
            <!---->
            <div
              class="v-chip__content"
              data-no-activator=""
            >
              
              <i
                aria-hidden="true"
                class="mdi mdi-briefcase-outline mdi v-icon notranslate v-theme--light v-icon--size-default text-cockpit-highlight mr-2"
                data-v-f9dbb6f1=""
              />
               I really like my job 
              <button
                data-v-f9dbb6f1=""
              >
                <i
                  aria-hidden="true"
                  class="mdi-close mdi v-icon notranslate v-theme--light v-icon--size-default"
                  data-v-f9dbb6f1=""
                />
              </button>
              
            </div>
            <!---->
            <!---->
          </span>
        </li>
        <li
          data-v-f9dbb6f1=""
        >
          <span
            class="v-chip v-theme--light v-chip--density-default v-chip--size-default v-chip--variant-tonal detail"
            data-v-f9dbb6f1=""
            draggable="false"
          >
            
            <!---->
            <span
              class="v-chip__underlay"
            />
            
            <!---->
            <!---->
            <div
              class="v-chip__content"
              data-no-activator=""
            >
              
              <i
                aria-hidden="true"
                class="mdi mdi-web mdi v-icon notranslate v-theme--light v-icon--size-default text-cockpit-highlight mr-2"
                data-v-f9dbb6f1=""
              />
               English 
              <button
                data-v-f9dbb6f1=""
              >
                <i
                  aria-hidden="true"
                  class="mdi-close mdi v-icon notranslate v-theme--light v-icon--size-default"
                  data-v-f9dbb6f1=""
                />
              </button>
              
            </div>
            <!---->
            <!---->
          </span>
        </li>
        <li
          data-v-f9dbb6f1=""
        >
          <span
            class="v-chip v-theme--light v-chip--density-default v-chip--size-default v-chip--variant-tonal detail"
            data-v-f9dbb6f1=""
            draggable="false"
          >
            
            <!---->
            <span
              class="v-chip__underlay"
            />
            
            <!---->
            <!---->
            <div
              class="v-chip__content"
              data-no-activator=""
            >
              
              <i
                aria-hidden="true"
                class="mdi mdi-map-marker-outline mdi v-icon notranslate v-theme--light v-icon--size-default text-cockpit-highlight mr-2"
                data-v-f9dbb6f1=""
              />
               Berlin 
              <button
                data-v-f9dbb6f1=""
              >
                <i
                  aria-hidden="true"
                  class="mdi-close mdi v-icon notranslate v-theme--light v-icon--size-default"
                  data-v-f9dbb6f1=""
                />
              </button>
              
            </div>
            <!---->
            <!---->
          </span>
        </li>
        <li
          data-v-f9dbb6f1=""
        >
          <span
            class="v-chip v-theme--light v-chip--density-default v-chip--size-default v-chip--variant-tonal detail"
            data-v-f9dbb6f1=""
            draggable="false"
          >
            
            <!---->
            <span
              class="v-chip__underlay"
            />
            
            <!---->
            <!---->
            <div
              class="v-chip__content"
              data-no-activator=""
            >
              
              <i
                aria-hidden="true"
                class="mdi mdi-emoticon-outline mdi v-icon notranslate v-theme--light v-icon--size-default text-cockpit-highlight mr-2"
                data-v-f9dbb6f1=""
              />
               Yeah! 
              <button
                data-v-f9dbb6f1=""
              >
                <i
                  aria-hidden="true"
                  class="mdi-close mdi v-icon notranslate v-theme--light v-icon--size-default"
                  data-v-f9dbb6f1=""
                />
              </button>
              
            </div>
            <!---->
            <!---->
          </span>
        </li>
        
      </ul>
      
    </section>
    
  </div>
</div>
`;
