// Vitest Snapshot v1, https://vitest.dev/guide/snapshot.html

exports[`SilentRefreshPage > auth service with succes > renders 1`] = `
<div
  class="v-application v-theme--light v-layout v-layout--full-height v-locale--is-ltr"
>
  <div
    class="v-application__wrap"
  >
    
    <main
      class="v-main bg-grey-lighten-3"
      data-v-a3d38914=""
      style="--v-layout-left: 0px; --v-layout-right: 0px; --v-layout-top: 0px; --v-layout-bottom: 0px; transition: none !important;"
    >
      
      <div
        class="v-container v-locale--is-ltr"
      >
        <div
          class="v-row"
        >
          <!--v-if-->
          <div
            class="v-col"
          >
            <div
              class="v-sheet v-theme--light v-sheet--rounded pa-3"
            >
              
              <div
                class="h-screen auth-page py-12"
                data-v-a3d38914=""
              >
                $t('auth.content')
              </div>
              
            </div>
          </div>
        </div>
      </div>
      
    </main>
    
  </div>
</div>
`;
