// Vitest Snapshot v1, https://vitest.dev/guide/snapshot.html

exports[`SearchField > renders 1`] = `
<div
  class="v-application v-theme--light v-layout v-layout--full-height v-locale--is-ltr"
>
  <div
    class="v-application__wrap"
  >
    
    <div
      class="v-input v-input--horizontal v-input--center-affix v-input--density-default v-theme--light v-locale--is-ltr v-text-field mx-4 mt-4 search-drawer"
      data-v-6d3ee220=""
    >
      <!---->
      <div
        class="v-input__control"
      >
        
        <div
          class="v-field v-field--appended v-field--center-affix v-field--prepended v-field--variant-solo v-theme--light v-field--rounded v-locale--is-ltr"
        >
          <div
            class="v-field__overlay"
          />
          <div
            class="v-field__loader"
          >
            <div
              aria-hidden="true"
              aria-valuemax="100"
              aria-valuemin="0"
              class="v-progress-linear v-theme--light v-locale--is-ltr"
              role="progressbar"
              style="top: 0px; height: 0px; --v-progress-linear-height: 2px;"
            >
              <!---->
              <div
                class="v-progress-linear__background"
                style="width: 100%;"
              />
              <transition-stub
                appear="false"
                css="true"
                name="fade-transition"
                persisted="false"
              >
                <div
                  class="v-progress-linear__indeterminate"
                >
                  
                  <div
                    class="v-progress-linear__indeterminate long"
                  />
                  <div
                    class="v-progress-linear__indeterminate short"
                  />
                  
                </div>
              </transition-stub>
              <!---->
            </div>
          </div>
          <div
            class="v-field__prepend-inner"
          >
            <i
              aria-hidden="true"
              class="mdi-tune mdi v-icon notranslate v-theme--light v-icon--size-default"
            />
            <!---->
          </div>
          <div
            class="v-field__field"
            data-no-activator=""
          >
            <label
              aria-hidden="true"
              class="v-label v-field-label v-field-label--floating"
              for="input-0"
            >
              <!---->
              
              Search
              
            </label>
            <label
              class="v-label v-field-label"
              for="input-0"
            >
              <!---->
              
              Search
              
            </label>
            
            
            <!---->
            <input
              aria-describedby="input-0-messages"
              class="v-field__input"
              id="input-0"
              size="1"
              type="text"
            />
            <!---->
            
            
          </div>
          <transition-stub
            appear="false"
            css="true"
            name="expand-x-transition"
            persisted="false"
          >
            <div
              class="v-field__clearable"
              style="display: none;"
            >
              
              <i
                aria-hidden="false"
                aria-label="$vuetify.input.clear"
                class="mdi-close-circle mdi v-icon notranslate v-theme--light v-icon--size-default v-icon--clickable"
                role="button"
                tabindex="0"
              />
              
            </div>
          </transition-stub>
          <div
            class="v-field__append-inner"
          >
            <!---->
            <!---->
          </div>
          <div
            class="v-field__outline"
          >
            <!---->
            <!---->
          </div>
        </div>
        
      </div>
      <!---->
      <div
        class="v-input__details"
      >
        <transition-group-stub
          appear="false"
          aria-live="polite"
          class="v-messages"
          css="true"
          id="input-0-messages"
          name="slide-y-transition"
          persisted="false"
          role="alert"
          tag="div"
        >
          <!---->
        </transition-group-stub>
        <!---->
      </div>
    </div>
    
  </div>
</div>
`;
