// Vitest Snapshot v1, https://vitest.dev/guide/snapshot.html

exports[`TablesDrawer > renders correctly 1`] = `
<div
  class="v-application v-theme--light v-layout v-layout--full-height v-locale--is-ltr"
>
  <div
    class="v-application__wrap"
  >
    
    
    <nav
      class="v-navigation-drawer v-navigation-drawer--right v-navigation-drawer--temporary v-theme--light v-navigation-drawer--mobile menu-drawer px-4"
      data-v-cf2c9067=""
      drawer="true"
      style="right: 0px; z-index: 1004; transform: translateX(308px); position: fixed; transition: none !important; height: calc(100% - 0px - 0px); top: 0px; bottom: 0px; width: 308px;"
    >
      <!---->
      <!---->
      <div
        class="v-navigation-drawer__content"
      >
        
        <div
          class="v-input v-input--horizontal v-input--center-affix v-input--density-compact v-theme--light v-locale--is-ltr v-text-field search"
          data-v-cf2c9067=""
        >
          <!---->
          <div
            class="v-input__control"
          >
            
            <div
              class="v-field v-field--appended v-field--center-affix v-field--flat v-field--prepended v-field--variant-solo v-theme--light v-field--rounded v-locale--is-ltr"
            >
              <div
                class="v-field__overlay"
              />
              <div
                class="v-field__loader"
              >
                <div
                  aria-hidden="true"
                  aria-valuemax="100"
                  aria-valuemin="0"
                  class="v-progress-linear v-theme--light v-locale--is-ltr"
                  role="progressbar"
                  style="top: 0px; height: 0px; --v-progress-linear-height: 2px;"
                >
                  <!---->
                  <div
                    class="v-progress-linear__background"
                    style="opacity: NaN;"
                  />
                  <div
                    class="v-progress-linear__buffer"
                    style="opacity: NaN; width: 0%;"
                  />
                  <transition-stub
                    appear="false"
                    css="true"
                    name="fade-transition"
                    persisted="false"
                  >
                    <div
                      class="v-progress-linear__indeterminate"
                    >
                      
                      <div
                        class="v-progress-linear__indeterminate long"
                      />
                      <div
                        class="v-progress-linear__indeterminate short"
                      />
                      
                    </div>
                  </transition-stub>
                  <!---->
                </div>
              </div>
              <div
                class="v-field__prepend-inner"
              >
                <i
                  aria-hidden="true"
                  class="mdi-tune mdi v-icon notranslate v-theme--light v-icon--size-default"
                />
                <!---->
              </div>
              <div
                class="v-field__field"
                data-no-activator=""
              >
                <label
                  aria-hidden="true"
                  class="v-label v-field-label v-field-label--floating"
                  for="input-1"
                >
                  <!---->
                  
                  $t('tablesDrawer.searchPlaceholder')
                  
                </label>
                <label
                  class="v-label v-field-label"
                  for="input-1"
                >
                  <!---->
                  
                  $t('tablesDrawer.searchPlaceholder')
                  
                </label>
                
                
                <!---->
                <input
                  aria-describedby="input-1-messages"
                  class="v-field__input"
                  id="input-1"
                  size="1"
                  type="text"
                  value=""
                />
                <!---->
                
                
              </div>
              <transition-stub
                appear="false"
                css="true"
                name="expand-x-transition"
                persisted="false"
              >
                <div
                  class="v-field__clearable"
                  style="display: none;"
                >
                  
                  <i
                    aria-hidden="false"
                    aria-label="LÃ¶schen"
                    class="mdi-close-circle mdi v-icon notranslate v-theme--light v-icon--size-default v-icon--clickable"
                    role="button"
                    tabindex="0"
                  />
                  
                </div>
              </transition-stub>
              <div
                class="v-field__append-inner"
              >
                <!---->
                <!---->
              </div>
              <div
                class="v-field__outline"
              >
                <!---->
                <!---->
              </div>
            </div>
            
          </div>
          <!---->
          <div
            class="v-input__details"
          >
            <transition-group-stub
              appear="false"
              aria-live="polite"
              class="v-messages"
              css="true"
              id="input-1-messages"
              name="slide-y-transition"
              persisted="false"
              role="alert"
              tag="div"
            >
              <!---->
            </transition-group-stub>
            <!---->
          </div>
        </div>
        <div
          class="v-list v-theme--light bg-transparent v-list--density-default v-list--one-line"
          data-v-cf2c9067=""
          role="listbox"
          tabindex="0"
        >
          
          <h2
            class="header mb-4"
            data-v-cf2c9067=""
          >
            $t('tablesDrawer.header')
          </h2>
          <div
            data-v-cf2c9067=""
          >
            $t('tablesDrawer.noTables')
          </div>
          
        </div>
        
      </div>
      <!---->
    </nav>
    <transition-stub
      appear="false"
      css="true"
      name="fade-transition"
      persisted="false"
    >
      <!---->
    </transition-stub>
    
    
  </div>
</div>
`;
