// Vitest Snapshot v1, https://vitest.dev/guide/snapshot.html

exports[`TableList > renders correctly 1`] = `
<div
  class="v-application v-theme--light v-layout v-layout--full-height v-locale--is-ltr"
>
  <div
    class="v-application__wrap"
  >
    
    <div
      class="outer-list"
      data-v-de37061b=""
    >
      <div
        class="mb-4 d-flex align-center justify-space-between"
        data-v-de37061b=""
      >
        <h2
          class="header"
          data-v-de37061b=""
        >
          mall talk
        </h2>
        <button
          data-v-de37061b=""
        >
          <i
            aria-hidden="true"
            class="mdi mdi-menu-down mdi v-icon notranslate v-theme--light v-icon--size-default"
            data-v-de37061b=""
          />
        </button>
      </div>
      
      
      <div
        class="list-content"
        data-v-de37061b=""
      >
        <!--v-if-->
        <ul
          class="list"
          data-type="mallTalk"
          data-v-de37061b=""
        >
          
          <li
            class="table"
            data-v-ad0cad76=""
            data-v-de37061b=""
          >
            <div
              class="table-info border-thin highlighted"
              data-v-ad0cad76=""
            >
              <span
                class="name"
                data-v-ad0cad76=""
              >
                my meeting
              </span>
              <span
                class="subtitle"
                data-v-ad0cad76=""
              >
                $t('tables.participantCount')
              </span>
            </div>
            <button
              class="action border-thin highlighted"
              data-v-ad0cad76=""
            >
              <i
                aria-hidden="true"
                class="v-icon notranslate v-theme--light v-icon--size-default icon"
                data-v-ad0cad76=""
              >
                <svg
                  fill="none"
                  height="20"
                  viewBox="0 0 22 20"
                  width="18"
                  xmlns="http://www.w3.org/2000/svg"
                >
                  <path
                    d="M10.885 18C10.9517 18 11.0183 17.9833 11.085 17.95C11.1517 17.9167 11.2017 17.8833 11.235 17.85L19.435 9.65C19.635 9.45 19.7808 9.225 19.8725 8.975C19.9642 8.725 20.01 8.475 20.01 8.225C20.01 7.95833 19.9642 7.70417 19.8725 7.4625C19.7808 7.22083 19.635 7.00833 19.435 6.825L15.185 2.575C15.0017 2.375 14.7892 2.22917 14.5475 2.1375C14.3058 2.04583 14.0517 2 13.785 2C13.535 2 13.285 2.04583 13.035 2.1375C12.785 2.22917 12.56 2.375 12.36 2.575L12.085 2.85L13.935 4.725C14.185 4.95833 14.3683 5.225 14.485 5.525C14.6017 5.825 14.66 6.14167 14.66 6.475C14.66 7.175 14.4225 7.7625 13.9475 8.2375C13.4725 8.7125 12.885 8.95 12.185 8.95C11.8517 8.95 11.5308 8.89167 11.2225 8.775C10.9142 8.65833 10.6433 8.48333 10.41 8.25L8.535 6.4L4.16 10.775C4.11 10.825 4.0725 10.8792 4.0475 10.9375C4.0225 10.9958 4.01 11.0583 4.01 11.125C4.01 11.2583 4.06 11.3792 4.16 11.4875C4.26 11.5958 4.37667 11.65 4.51 11.65C4.57667 11.65 4.64333 11.6333 4.71 11.6C4.77667 11.5667 4.82667 11.5333 4.86 11.5L8.26 8.1L9.66 9.5L6.285 12.9C6.235 12.95 6.1975 13.0042 6.1725 13.0625C6.1475 13.1208 6.135 13.1833 6.135 13.25C6.135 13.3833 6.185 13.5 6.285 13.6C6.385 13.7 6.50167 13.75 6.635 13.75C6.70167 13.75 6.76833 13.7333 6.835 13.7C6.90167 13.6667 6.95167 13.6333 6.985 13.6L10.385 10.225L11.785 11.625L8.41 15.025C8.36 15.0583 8.3225 15.1083 8.2975 15.175C8.2725 15.2417 8.26 15.3083 8.26 15.375C8.26 15.5083 8.31 15.625 8.41 15.725C8.51 15.825 8.62667 15.875 8.76 15.875C8.82667 15.875 8.88917 15.8625 8.9475 15.8375C9.00583 15.8125 9.06 15.775 9.11 15.725L12.51 12.35L13.91 13.75L10.51 17.15C10.46 17.2 10.4225 17.2542 10.3975 17.3125C10.3725 17.3708 10.36 17.4333 10.36 17.5C10.36 17.6333 10.4142 17.75 10.5225 17.85C10.6308 17.95 10.7517 18 10.885 18ZM10.86 20C10.2433 20 9.6975 19.7958 9.2225 19.3875C8.7475 18.9792 8.46833 18.4667 8.385 17.85C7.81833 17.7667 7.34333 17.5333 6.96 17.15C6.57667 16.7667 6.34333 16.2917 6.26 15.725C5.69333 15.6417 5.2225 15.4042 4.8475 15.0125C4.4725 14.6208 4.24333 14.15 4.16 13.6C3.52667 13.5167 3.01 13.2417 2.61 12.775C2.21 12.3083 2.01 11.7583 2.01 11.125C2.01 10.7917 2.0725 10.4708 2.1975 10.1625C2.3225 9.85417 2.50167 9.58333 2.735 9.35L8.535 3.575L11.81 6.85C11.8433 6.9 11.8933 6.9375 11.96 6.9625C12.0267 6.9875 12.0933 7 12.16 7C12.31 7 12.435 6.95417 12.535 6.8625C12.635 6.77083 12.685 6.65 12.685 6.5C12.685 6.43333 12.6725 6.36667 12.6475 6.3C12.6225 6.23333 12.585 6.18333 12.535 6.15L8.96 2.575C8.77667 2.375 8.56417 2.22917 8.3225 2.1375C8.08083 2.04583 7.82667 2 7.56 2C7.31 2 7.06 2.04583 6.81 2.1375C6.56 2.22917 6.335 2.375 6.135 2.575L2.61 6.125C2.46 6.275 2.335 6.45 2.235 6.65C2.135 6.85 2.06833 7.05 2.035 7.25C2.00167 7.45 2.00167 7.65417 2.035 7.8625C2.06833 8.07083 2.135 8.26667 2.235 8.45L0.785 9.9C0.501667 9.51667 0.293333 9.09583 0.16 8.6375C0.0266667 8.17917 -0.0233333 7.71667 0.01 7.25C0.0433333 6.78333 0.16 6.32917 0.36 5.8875C0.56 5.44583 0.835 5.05 1.185 4.7L4.71 1.175C5.11 0.791667 5.55583 0.5 6.0475 0.3C6.53917 0.1 7.04333 0 7.56 0C8.07667 0 8.58083 0.1 9.0725 0.3C9.56417 0.5 10.0017 0.791667 10.385 1.175L10.66 1.45L10.935 1.175C11.335 0.791667 11.7808 0.5 12.2725 0.3C12.7642 0.1 13.2683 0 13.785 0C14.3017 0 14.8058 0.1 15.2975 0.3C15.7892 0.5 16.2267 0.791667 16.61 1.175L20.835 5.4C21.2183 5.78333 21.51 6.225 21.71 6.725C21.91 7.225 22.01 7.73333 22.01 8.25C22.01 8.76667 21.91 9.27083 21.71 9.7625C21.51 10.2542 21.2183 10.6917 20.835 11.075L12.635 19.25C12.4017 19.4833 12.1308 19.6667 11.8225 19.8C11.5142 19.9333 11.1933 20 10.86 20Z"
                    fill="currentColor"
                  />
                </svg>
              </i>
            </button>
            <div
              class="badge border-thin highlighted"
              data-v-ad0cad76=""
            >
              $t('tables.member')
            </div>
          </li>
          <li
            class="table"
            data-v-ad0cad76=""
            data-v-de37061b=""
          >
            <div
              class="table-info border-thin"
              data-v-ad0cad76=""
            >
              <span
                class="name"
                data-v-ad0cad76=""
              >
                my meeting
              </span>
              <span
                class="subtitle"
                data-v-ad0cad76=""
              >
                $t('tables.participantCount')
              </span>
            </div>
            <button
              class="action border-thin"
              data-v-ad0cad76=""
            >
              <i
                aria-hidden="true"
                class="v-icon notranslate v-theme--light v-icon--size-default icon"
                data-v-ad0cad76=""
              >
                <svg
                  fill="none"
                  height="20"
                  viewBox="0 0 22 20"
                  width="18"
                  xmlns="http://www.w3.org/2000/svg"
                >
                  <path
                    d="M10.885 18C10.9517 18 11.0183 17.9833 11.085 17.95C11.1517 17.9167 11.2017 17.8833 11.235 17.85L19.435 9.65C19.635 9.45 19.7808 9.225 19.8725 8.975C19.9642 8.725 20.01 8.475 20.01 8.225C20.01 7.95833 19.9642 7.70417 19.8725 7.4625C19.7808 7.22083 19.635 7.00833 19.435 6.825L15.185 2.575C15.0017 2.375 14.7892 2.22917 14.5475 2.1375C14.3058 2.04583 14.0517 2 13.785 2C13.535 2 13.285 2.04583 13.035 2.1375C12.785 2.22917 12.56 2.375 12.36 2.575L12.085 2.85L13.935 4.725C14.185 4.95833 14.3683 5.225 14.485 5.525C14.6017 5.825 14.66 6.14167 14.66 6.475C14.66 7.175 14.4225 7.7625 13.9475 8.2375C13.4725 8.7125 12.885 8.95 12.185 8.95C11.8517 8.95 11.5308 8.89167 11.2225 8.775C10.9142 8.65833 10.6433 8.48333 10.41 8.25L8.535 6.4L4.16 10.775C4.11 10.825 4.0725 10.8792 4.0475 10.9375C4.0225 10.9958 4.01 11.0583 4.01 11.125C4.01 11.2583 4.06 11.3792 4.16 11.4875C4.26 11.5958 4.37667 11.65 4.51 11.65C4.57667 11.65 4.64333 11.6333 4.71 11.6C4.77667 11.5667 4.82667 11.5333 4.86 11.5L8.26 8.1L9.66 9.5L6.285 12.9C6.235 12.95 6.1975 13.0042 6.1725 13.0625C6.1475 13.1208 6.135 13.1833 6.135 13.25C6.135 13.3833 6.185 13.5 6.285 13.6C6.385 13.7 6.50167 13.75 6.635 13.75C6.70167 13.75 6.76833 13.7333 6.835 13.7C6.90167 13.6667 6.95167 13.6333 6.985 13.6L10.385 10.225L11.785 11.625L8.41 15.025C8.36 15.0583 8.3225 15.1083 8.2975 15.175C8.2725 15.2417 8.26 15.3083 8.26 15.375C8.26 15.5083 8.31 15.625 8.41 15.725C8.51 15.825 8.62667 15.875 8.76 15.875C8.82667 15.875 8.88917 15.8625 8.9475 15.8375C9.00583 15.8125 9.06 15.775 9.11 15.725L12.51 12.35L13.91 13.75L10.51 17.15C10.46 17.2 10.4225 17.2542 10.3975 17.3125C10.3725 17.3708 10.36 17.4333 10.36 17.5C10.36 17.6333 10.4142 17.75 10.5225 17.85C10.6308 17.95 10.7517 18 10.885 18ZM10.86 20C10.2433 20 9.6975 19.7958 9.2225 19.3875C8.7475 18.9792 8.46833 18.4667 8.385 17.85C7.81833 17.7667 7.34333 17.5333 6.96 17.15C6.57667 16.7667 6.34333 16.2917 6.26 15.725C5.69333 15.6417 5.2225 15.4042 4.8475 15.0125C4.4725 14.6208 4.24333 14.15 4.16 13.6C3.52667 13.5167 3.01 13.2417 2.61 12.775C2.21 12.3083 2.01 11.7583 2.01 11.125C2.01 10.7917 2.0725 10.4708 2.1975 10.1625C2.3225 9.85417 2.50167 9.58333 2.735 9.35L8.535 3.575L11.81 6.85C11.8433 6.9 11.8933 6.9375 11.96 6.9625C12.0267 6.9875 12.0933 7 12.16 7C12.31 7 12.435 6.95417 12.535 6.8625C12.635 6.77083 12.685 6.65 12.685 6.5C12.685 6.43333 12.6725 6.36667 12.6475 6.3C12.6225 6.23333 12.585 6.18333 12.535 6.15L8.96 2.575C8.77667 2.375 8.56417 2.22917 8.3225 2.1375C8.08083 2.04583 7.82667 2 7.56 2C7.31 2 7.06 2.04583 6.81 2.1375C6.56 2.22917 6.335 2.375 6.135 2.575L2.61 6.125C2.46 6.275 2.335 6.45 2.235 6.65C2.135 6.85 2.06833 7.05 2.035 7.25C2.00167 7.45 2.00167 7.65417 2.035 7.8625C2.06833 8.07083 2.135 8.26667 2.235 8.45L0.785 9.9C0.501667 9.51667 0.293333 9.09583 0.16 8.6375C0.0266667 8.17917 -0.0233333 7.71667 0.01 7.25C0.0433333 6.78333 0.16 6.32917 0.36 5.8875C0.56 5.44583 0.835 5.05 1.185 4.7L4.71 1.175C5.11 0.791667 5.55583 0.5 6.0475 0.3C6.53917 0.1 7.04333 0 7.56 0C8.07667 0 8.58083 0.1 9.0725 0.3C9.56417 0.5 10.0017 0.791667 10.385 1.175L10.66 1.45L10.935 1.175C11.335 0.791667 11.7808 0.5 12.2725 0.3C12.7642 0.1 13.2683 0 13.785 0C14.3017 0 14.8058 0.1 15.2975 0.3C15.7892 0.5 16.2267 0.791667 16.61 1.175L20.835 5.4C21.2183 5.78333 21.51 6.225 21.71 6.725C21.91 7.225 22.01 7.73333 22.01 8.25C22.01 8.76667 21.91 9.27083 21.71 9.7625C21.51 10.2542 21.2183 10.6917 20.835 11.075L12.635 19.25C12.4017 19.4833 12.1308 19.6667 11.8225 19.8C11.5142 19.9333 11.1933 20 10.86 20Z"
                    fill="currentColor"
                  />
                </svg>
              </i>
            </button>
            <div
              class="badge border-thin"
              data-v-ad0cad76=""
            >
              $t('tables.mallTalk')
            </div>
          </li>
          
        </ul>
      </div>
    </div>
    
  </div>
</div>
`;
