// Vitest Snapshot v1, https://vitest.dev/guide/snapshot.html

exports[`ImpressSection > renders 6 cards 1`] = `
<div
  class="impress-section my-16 v-container"
  data-v-f3ecfc43=""
>
  <div
    class="v-row section-header"
    data-v-f3ecfc43=""
  >
    <div
      class="v-col"
      data-v-f3ecfc43=""
    >
      <h1
        class="section-headline"
        data-v-f3ecfc43=""
      >
        $t('impress.headline')
      </h1>
    </div>
  </div>
  <div
    class="v-row"
    data-v-f3ecfc43=""
  >
    <div
      class="v-col-sm-6 v-col-12"
      data-v-f3ecfc43=""
    >
      <div
        class="v-card v-card--flat v-theme--light v-card--density-default v-card--variant-elevated content-card mb-2 pa-4 pa-md-12"
        data-v-f3ecfc43=""
      >
        <!---->
        <div
          class="v-card__loader"
        >
          <div
            aria-hidden="true"
            aria-valuemax="100"
            aria-valuemin="0"
            class="v-progress-linear v-theme--light v-locale--is-ltr"
            role="progressbar"
            style="top: 0px; height: 0px; --v-progress-linear-height: 2px;"
          >
            <!---->
            <div
              class="v-progress-linear__background"
              style="opacity: NaN;"
            />
            <div
              class="v-progress-linear__buffer"
              style="opacity: NaN; width: 0%;"
            />
            <transition-stub
              appear="false"
              css="true"
              name="fade-transition"
              persisted="false"
            >
              <div
                class="v-progress-linear__indeterminate"
              >
                
                <div
                  class="v-progress-linear__indeterminate long"
                />
                <div
                  class="v-progress-linear__indeterminate short"
                />
                
              </div>
            </transition-stub>
            <!---->
          </div>
        </div>
        <!---->
        <div
          class="v-card-text"
        >
          
          <h2
            class="card-header"
            data-v-f3ecfc43=""
          >
            $t('impress.data.headline')
          </h2>
          <ul
            class="card-content mt-2 my-6"
            data-v-f3ecfc43=""
          >
            <li
              data-v-f3ecfc43=""
            >
              $t('impress.data.name')
            </li>
            <li
              data-v-f3ecfc43=""
            >
              $t('impress.data.street')
            </li>
            <!--&lt;li&gt;{{ $t('impress.data.additional') }}&lt;/li&gt;-->
            <li
              data-v-f3ecfc43=""
            >
              $t('impress.data.zip') $t('impress.data.city')
            </li>
          </ul>
          <!--&lt;ul class="card-content my-8"&gt;
              &lt;li&gt;{{ $t('impress.data.registerLabel') }} {{ $t('impress.data.register') }}&lt;/li&gt;
              &lt;li&gt;{{ $t('impress.data.courtLabel') }} {{ $t('impress.data.court') }}&lt;/li&gt;
            &lt;/ul&gt;-->
          <h2
            class="card-header"
            data-v-f3ecfc43=""
          >
            $t('impress.data.personHeadline')
          </h2>
          <ul
            class="card-content mt-2"
            data-v-f3ecfc43=""
          >
            <li
              data-v-f3ecfc43=""
            >
              $t('impress.data.person1')
            </li>
            <li
              data-v-f3ecfc43=""
            >
              $t('impress.data.person2')
            </li>
          </ul>
          
        </div>
        <!---->
        <!---->
        
        <!---->
        <span
          class="v-card__underlay"
        />
        
      </div>
    </div>
    <div
      class="v-col-sm-6 v-col-12"
      data-v-f3ecfc43=""
    >
      <div
        class="v-card v-card--flat v-theme--light v-card--density-default v-card--variant-elevated content-card mb-2 pa-4 pa-md-9"
        data-v-f3ecfc43=""
      >
        <!---->
        <div
          class="v-card__loader"
        >
          <div
            aria-hidden="true"
            aria-valuemax="100"
            aria-valuemin="0"
            class="v-progress-linear v-theme--light v-locale--is-ltr"
            role="progressbar"
            style="top: 0px; height: 0px; --v-progress-linear-height: 2px;"
          >
            <!---->
            <div
              class="v-progress-linear__background"
              style="opacity: NaN;"
            />
            <div
              class="v-progress-linear__buffer"
              style="opacity: NaN; width: 0%;"
            />
            <transition-stub
              appear="false"
              css="true"
              name="fade-transition"
              persisted="false"
            >
              <div
                class="v-progress-linear__indeterminate"
              >
                
                <div
                  class="v-progress-linear__indeterminate long"
                />
                <div
                  class="v-progress-linear__indeterminate short"
                />
                
              </div>
            </transition-stub>
            <!---->
          </div>
        </div>
        <!---->
        <div
          class="v-card-text"
        >
          
          <h2
            class="card-header"
            data-v-f3ecfc43=""
          >
            $t('impress.contact.headline')
          </h2>
          <ul
            class="card-content mt-2 my-8"
            data-v-f3ecfc43=""
          >
            <!--&lt;li&gt;
                {{ $t('impress.contact.telephoneLabel') }} {{ $t('impress.contact.telephone') }}
              &lt;/li&gt;
              &lt;li&gt;{{ $t('impress.contact.telefaxLabel') }} {{ $t('impress.contact.telefax') }}&lt;/li&gt;-->
            <li
              data-v-f3ecfc43=""
            >
              $t('impress.contact.emailLabel') $t('impress.contact.email')
            </li>
          </ul>
          <h2
            class="card-header"
            data-v-f3ecfc43=""
          >
            $t('impress.contact.lawHeadline')
          </h2>
          <p
            class="mt-2 my-14"
            data-v-f3ecfc43=""
          >
            $t('impress.contact.additionalLaw')
          </p>
          
        </div>
        <!---->
        <!---->
        
        <!---->
        <span
          class="v-card__underlay"
        />
        
      </div>
    </div>
  </div>
  <div
    class="v-row"
    data-v-f3ecfc43=""
  >
    <div
      class="v-col"
      data-v-f3ecfc43=""
    >
      <div
        class="v-card v-card--flat v-theme--light v-card--density-default v-card--variant-elevated content-card mb-2 pa-4 pa-md-12"
        data-v-f3ecfc43=""
      >
        <!---->
        <div
          class="v-card__loader"
        >
          <div
            aria-hidden="true"
            aria-valuemax="100"
            aria-valuemin="0"
            class="v-progress-linear v-theme--light v-locale--is-ltr"
            role="progressbar"
            style="top: 0px; height: 0px; --v-progress-linear-height: 2px;"
          >
            <!---->
            <div
              class="v-progress-linear__background"
              style="opacity: NaN;"
            />
            <div
              class="v-progress-linear__buffer"
              style="opacity: NaN; width: 0%;"
            />
            <transition-stub
              appear="false"
              css="true"
              name="fade-transition"
              persisted="false"
            >
              <div
                class="v-progress-linear__indeterminate"
              >
                
                <div
                  class="v-progress-linear__indeterminate long"
                />
                <div
                  class="v-progress-linear__indeterminate short"
                />
                
              </div>
            </transition-stub>
            <!---->
          </div>
        </div>
        <!---->
        <div
          class="v-card-text"
        >
          
          <h2
            class="card-header"
            data-v-f3ecfc43=""
          >
            $t('impress.tax.headline')
          </h2>
          <p
            class="card-content mt-2"
            data-v-f3ecfc43=""
          >
            $t('impress.tax.content') 
            <b
              data-v-f3ecfc43=""
            >
              $t('impress.tax.id')
            </b>
          </p>
          
        </div>
        <!---->
        <!---->
        
        <!---->
        <span
          class="v-card__underlay"
        />
        
      </div>
    </div>
  </div>
  <div
    class="v-row"
    data-v-f3ecfc43=""
  >
    <div
      class="v-col"
      data-v-f3ecfc43=""
    >
      <div
        class="v-card v-card--flat v-theme--light v-card--density-default v-card--variant-elevated content-card mb-2 pa-4 pa-md-12"
        data-v-f3ecfc43=""
      >
        <!---->
        <div
          class="v-card__loader"
        >
          <div
            aria-hidden="true"
            aria-valuemax="100"
            aria-valuemin="0"
            class="v-progress-linear v-theme--light v-locale--is-ltr"
            role="progressbar"
            style="top: 0px; height: 0px; --v-progress-linear-height: 2px;"
          >
            <!---->
            <div
              class="v-progress-linear__background"
              style="opacity: NaN;"
            />
            <div
              class="v-progress-linear__buffer"
              style="opacity: NaN; width: 0%;"
            />
            <transition-stub
              appear="false"
              css="true"
              name="fade-transition"
              persisted="false"
            >
              <div
                class="v-progress-linear__indeterminate"
              >
                
                <div
                  class="v-progress-linear__indeterminate long"
                />
                <div
                  class="v-progress-linear__indeterminate short"
                />
                
              </div>
            </transition-stub>
            <!---->
          </div>
        </div>
        <!---->
        <div
          class="v-card-text"
        >
          
          <h2
            class="card-header"
            data-v-f3ecfc43=""
          >
            $t('impress.liabilityContent.headline')
          </h2>
          <p
            class="card-content mt-2"
            data-v-f3ecfc43=""
          >
            $t('impress.liabilityContent.content')
          </p>
          
        </div>
        <!---->
        <!---->
        
        <!---->
        <span
          class="v-card__underlay"
        />
        
      </div>
    </div>
  </div>
  <div
    class="v-row"
    data-v-f3ecfc43=""
  >
    <div
      class="v-col"
      data-v-f3ecfc43=""
    >
      <div
        class="v-card v-card--flat v-theme--light v-card--density-default v-card--variant-elevated content-card mb-2 pa-4 pa-md-12"
        data-v-f3ecfc43=""
      >
        <!---->
        <div
          class="v-card__loader"
        >
          <div
            aria-hidden="true"
            aria-valuemax="100"
            aria-valuemin="0"
            class="v-progress-linear v-theme--light v-locale--is-ltr"
            role="progressbar"
            style="top: 0px; height: 0px; --v-progress-linear-height: 2px;"
          >
            <!---->
            <div
              class="v-progress-linear__background"
              style="opacity: NaN;"
            />
            <div
              class="v-progress-linear__buffer"
              style="opacity: NaN; width: 0%;"
            />
            <transition-stub
              appear="false"
              css="true"
              name="fade-transition"
              persisted="false"
            >
              <div
                class="v-progress-linear__indeterminate"
              >
                
                <div
                  class="v-progress-linear__indeterminate long"
                />
                <div
                  class="v-progress-linear__indeterminate short"
                />
                
              </div>
            </transition-stub>
            <!---->
          </div>
        </div>
        <!---->
        <div
          class="v-card-text"
        >
          
          <h2
            class="card-header"
            data-v-f3ecfc43=""
          >
            $t('impress.liabilityLinks.headline')
          </h2>
          <p
            class="card-content mt-2"
            data-v-f3ecfc43=""
          >
            $t('impress.liabilityLinks.content')
          </p>
          
        </div>
        <!---->
        <!---->
        
        <!---->
        <span
          class="v-card__underlay"
        />
        
      </div>
    </div>
  </div>
  <div
    class="v-row"
    data-v-f3ecfc43=""
  >
    <div
      class="v-col"
      data-v-f3ecfc43=""
    >
      <div
        class="v-card v-card--flat v-theme--light v-card--density-default v-card--variant-elevated content-card mb-2 pa-4 pa-md-12"
        data-v-f3ecfc43=""
      >
        <!---->
        <div
          class="v-card__loader"
        >
          <div
            aria-hidden="true"
            aria-valuemax="100"
            aria-valuemin="0"
            class="v-progress-linear v-theme--light v-locale--is-ltr"
            role="progressbar"
            style="top: 0px; height: 0px; --v-progress-linear-height: 2px;"
          >
            <!---->
            <div
              class="v-progress-linear__background"
              style="opacity: NaN;"
            />
            <div
              class="v-progress-linear__buffer"
              style="opacity: NaN; width: 0%;"
            />
            <transition-stub
              appear="false"
              css="true"
              name="fade-transition"
              persisted="false"
            >
              <div
                class="v-progress-linear__indeterminate"
              >
                
                <div
                  class="v-progress-linear__indeterminate long"
                />
                <div
                  class="v-progress-linear__indeterminate short"
                />
                
              </div>
            </transition-stub>
            <!---->
          </div>
        </div>
        <!---->
        <div
          class="v-card-text"
        >
          
          <h2
            class="card-header"
            data-v-f3ecfc43=""
          >
            $t('impress.copyright.headline')
          </h2>
          <p
            class="card-content mt-2"
            data-v-f3ecfc43=""
          >
            $t('impress.copyright.content')
          </p>
          
        </div>
        <!---->
        <!---->
        
        <!---->
        <span
          class="v-card__underlay"
        />
        
      </div>
    </div>
  </div>
  <div
    class="v-row"
    data-v-f3ecfc43=""
  >
    <div
      class="v-col"
      data-v-f3ecfc43=""
    >
      <div
        class="v-card v-card--flat v-theme--light v-card--density-default v-card--variant-elevated content-card mb-2 pa-4 pa-md-12"
        data-v-f3ecfc43=""
      >
        <!---->
        <div
          class="v-card__loader"
        >
          <div
            aria-hidden="true"
            aria-valuemax="100"
            aria-valuemin="0"
            class="v-progress-linear v-theme--light v-locale--is-ltr"
            role="progressbar"
            style="top: 0px; height: 0px; --v-progress-linear-height: 2px;"
          >
            <!---->
            <div
              class="v-progress-linear__background"
              style="opacity: NaN;"
            />
            <div
              class="v-progress-linear__buffer"
              style="opacity: NaN; width: 0%;"
            />
            <transition-stub
              appear="false"
              css="true"
              name="fade-transition"
              persisted="false"
            >
              <div
                class="v-progress-linear__indeterminate"
              >
                
                <div
                  class="v-progress-linear__indeterminate long"
                />
                <div
                  class="v-progress-linear__indeterminate short"
                />
                
              </div>
            </transition-stub>
            <!---->
          </div>
        </div>
        <!---->
        <div
          class="v-card-text"
        >
          
          <h2
            class="card-header"
            data-v-f3ecfc43=""
          >
            $t('impress.legalDisclaimer.headline')
          </h2>
          <p
            class="card-content mt-2"
            data-v-f3ecfc43=""
          >
            $t('impress.legalDisclaimer.content')
          </p>
          
        </div>
        <!---->
        <!---->
        
        <!---->
        <span
          class="v-card__underlay"
        />
        
      </div>
    </div>
  </div>
</div>
`;
